"PARSE ERROR: syntax error at line 1 before majn : int 7"
